// Jest Snapshot v1, https://goo.gl/fbAQLP

exports[`core.webapp -> components -> pages -> welcome renders 1`] = `
<div
  data-mock="Wizard"
/>
`;
