// Jest Snapshot v1, https://goo.gl/fbAQLP

exports[`core.graphql -> mutations -> users -> disableUser mutation 1`] = `
Object {
  "data": Object {
    "disableUser": Object {
      "result": true,
    },
  },
}
`;
