// Jest Snapshot v1, https://goo.gl/fbAQLP

exports[`core.graphql -> mutations -> users -> removeUser mutation 1`] = `
Object {
  "data": Object {
    "removeUser": Object {
      "result": true,
    },
  },
}
`;
