// Jest Snapshot v1, https://goo.gl/fbAQLP

exports[`core.webapp -> components -> wizard does not render without slides 1`] = `null`;

exports[`core.webapp -> components -> wizard renders 1`] = `
<div
  class="briskhome-wizard"
>
  <div
    data-mock="WizardStepper"
  />
  <div
    class="briskhome-wizard__content"
  >
    <div
      data-mock="MockSlide"
    />
  </div>
</div>
`;
