// Jest Snapshot v1, https://goo.gl/fbAQLP

exports[`core.webapp -> components -> pages -> dashboard -> widget renders 1`] = `
<div
  class="dashboard-widget dashboard-widget__example"
>
  <div
    class="dashboard-widget__header"
  >
    <h3
      class="briskhome-title briskhome-title_small dashboard-widget__header-title"
    >
      example
    </h3>
    <div
      class="dashboard-widget__header-button"
    >
      <button
        aria-expanded="false"
        aria-haspopup="true"
        class="dashboard-widget__header-menu briskhome-menu"
        type="button"
      >
        ■■■
      </button>
    </div>
  </div>
  <div
    class="dashboard-widget__content"
  >
    ...
  </div>
</div>
`;
