// Jest Snapshot v1, https://goo.gl/fbAQLP

exports[`core.webapp -> components -> wrapper renders 1`] = `
<React.Fragment>
  <Connect(Navigation) />
  <section>
    <Switch>
      Lorem ispum
    </Switch>
  </section>
</React.Fragment>
`;
