// Jest Snapshot v1, https://goo.gl/fbAQLP

exports[`core.graphql -> queries -> me anonymous query 1`] = `
Object {
  "data": Object {
    "me": null,
  },
}
`;

exports[`core.graphql -> queries -> me query 1`] = `
Object {
  "data": Object {
    "me": Object {
      "name": "John Doe",
      "type": "regular",
      "username": "jdoe",
    },
  },
}
`;
