// Jest Snapshot v1, https://goo.gl/fbAQLP

exports[`core.webapp -> components -> pages -> welcome -> createPassword renders 1`] = `
<CreatePasswordSlide>
  <form>
    <Icon
      className="briskhome-welcome__image"
      name="lock"
    >
      <span
        className="briskhome-icon briskhome-icon__lock briskhome-welcome__image"
      />
    </Icon>
    <Component
      medium={true}
    >
      <h2
        className="briskhome-title briskhome-title_medium"
      >
        Choose a password
      </h2>
    </Component>
    <p
      className="briskhome-welcome__text"
    >
      You wouldn't want just anyone taking control of your house, now would you?
    </p>
    <Component
      autoComplete="new-password"
      name="new-password"
      onChange={[Function]}
      onFocus={[Function]}
      placeholder="Password"
      type="password"
      valid={true}
    >
      <label
        className="briskhome-label briskhome-label_input"
      >
        <input
          autoComplete="new-password"
          className="briskhome-input"
          name="new-password"
          onChange={[Function]}
          onFocus={[Function]}
          placeholder="Password"
          type="password"
        />
      </label>
    </Component>
    <Component
      autoComplete="new-password"
      name="repeat-password"
      onChange={[Function]}
      onFocus={[Function]}
      placeholder="Repeat Password"
      type="password"
      valid={true}
    >
      <label
        className="briskhome-label briskhome-label_input"
      >
        <input
          autoComplete="new-password"
          className="briskhome-input"
          name="repeat-password"
          onChange={[Function]}
          onFocus={[Function]}
          placeholder="Repeat Password"
          type="password"
        />
      </label>
    </Component>
    <Component
      next={[Function]}
      prev={[Function]}
    >
      <div
        className="briskhome-wizard__footer-controls briskhome-wizard__footer-controls_justify"
      >
        <Component
          className="briskhome-wizard__button-prev"
          display="inline-block"
          link=""
          onClick={[Function]}
        >
          <a
            className="briskhome-button briskhome-button_inline-block briskhome-wizard__button-prev"
            href="#"
            onClick={[Function]}
            role="button"
            target="_self"
            type="button"
          >
            Go Back
          </a>
        </Component>
        <Component
          caps={true}
          className="briskhome-wizard__button-next"
          display="inline-block"
          large={true}
          link=""
          loading={false}
          onClick={[Function]}
          yellow={true}
        >
          <a
            className="briskhome-button briskhome-button_yellow briskhome-button_caps briskhome-button_inline-block briskhome-wizard__button-next"
            href="#"
            onClick={[Function]}
            role="button"
            target="_self"
            type="button"
          >
            Next
          </a>
        </Component>
      </div>
    </Component>
  </form>
</CreatePasswordSlide>
`;
